

pi@vigor:~ $ curl -sL https://github.com/gavinlyonsrepo/ST7789_TFT_RPI/archive/1.0.2.tar.gz | tar xz

pi@vigor:~ $ ls
Display_Lib_RPI-2.2.0  lg  lg.zip  ST7789_TFT_RPI-1.0.2
pi@vigor:~ $ cd ST7789_TFT_RPI-1.0.2/


********************************


/Display_Lib_RPI-2.2.0
Installieren 

in home von pi
pi@vigor:~ $ ls -l
total 2684
drwxr-xr-x 8 pi pi    4096 Mar 12 09:19 Display_Lib_RPI-2.2.0
drwxr-xr-x 7 pi pi    4096 Mar 12 08:21 lg
-rw-r--r-- 1 pi pi 2739152 May  3  2023 lg.zip


wget http://abyz.me.uk/lg/lg.zip
unzip lg.zip
cd lg
make
sudo make install

macht Fehler
pi@vigor:~/lg $ sudo make install
install -m 0644 lgpio.h                  /usr/local/include
install -m 0644 rgpio.h                  /usr/local/include
install -m 0755 liblgpio.so.1 /usr/local/lib
install -m 0755 librgpio.so.1 /usr/local/lib
install -m 0755 rgpiod                   /usr/local/bin
install -m 0755 rgs                      /usr/local/bin
install -m 0644 rgpiod.1                 /usr/local/man/man1
install -m 0644 rgs.1                    /usr/local/man/man1
install -m 0644 lgpio.3                  /usr/local/man/man3
install -m 0644 rgpio.3                  /usr/local/man/man3
ldconfig
/usr/bin/python3
Traceback (most recent call last):
  File "/home/pi/lg/PY_RGPIO/setup.py", line 3, in <module>
    from setuptools import setup
ModuleNotFoundError: No module named 'setuptools'
*** install of Python3 rgpio.py failed ***
/usr/bin/python3


sudo apt-get install python3-pip

danach	 gehts

cd Display_Lib_RPI-2.2.0
make
sudo make install

cd examples
# Edit the makefile in examples folder by picking the "SRC" file path you want to run

/Display_Lib_RPI-2.2.0/examples $ make help
Makefile:140: *** SRC example file path is not set, pick a SRC path in Section A, exiting nothing done.  Stop.

# =============== ST7789 TFT LCD SPI =============

SRC=st7789/Hello_world

make
make run

 make run
Bin/test.out
TFT Start Test 101 HWSPI
ST7789 library version : 220
Lgpio library version :131584
Hello World
Error: spiWriteDataBuffer: Failure to Write SPI :(spi xfer/read/write failed)
The problem maybe: The spidev buf size setting must be set at 65536 bytes or higher.
See readme, note section, of relevant display at https://github.com/gavinlyonsrepo/Display_Lib_RPI for more details
spidev buf defines the number of bytes that the SPI driver will use as a buffer for data transfers.
Error: spiWriteDataBuffer: Failure to Write SPI :(spi xfer/read/write failed)
The problem maybe: The spidev buf size setting must be set at 65536 bytes or higher.
See readme, note section, of relevant display at https://github.com/gavinlyonsrepo/Display_Lib_RPI for more details
spidev buf defines the number of bytes that the SPI driver will use as a buffer for data transfers.
TFT End

LÃ¶sung:

If it is lower than 65536 you can change it by adding this to the start of line in file /boot/firmware/cmdline.txt. Make sure everything is on one line and there is space ' ' between this parameter and next one. Then reboot machine. Verify again by running last cat command above

spidev.bufsiz=65536